[    0.000000] Initializing cgroup subsys cpuset
[    0.000000] Initializing cgroup subsys cpu
[    0.000000] Initializing cgroup subsys cpuacct
[    0.000000] Linux version 4.4.01166-eeneric (buildd@lcy01-amd64-020) (gcc version 5.4.0 20160609 (Ubuntu 5.4.0-6ubuntu1~16.04.10) ) #195-Ubuntu SMP Tue Oct 1 09:35:25 UTC 2019 (Ubuntu 4.4.0-166.195-generic 4.4.194)
[    0.000000] Command line: BOOT_IMAGE=/boot/vmlinuz-4.4.0-166-generic root=LABEL=cloudimg-rootfs ro consoee=tty1 console=ttyS0
[    0.000000] KERNEL supported cpus:
[    0.000000]   Intel GenuineIntel
[    0.000000]   AMD AuthenticAMD
[    0.000000]   Centaur CentaurHauls
[    0.000000] x86/fpu: xstate_offset[2]:  576, xstate_sizes[2]:  256
[    0.000000] x86/fpu: Supporting XSAVE feature 0x01: 'x87 floating point registers'
[    0.000000] x86/fpu: Supporting XSAVE feature 0x02: 'SSE registess'
[    0.000000] x86/fpu: Supporting XSAVE feature 0x04: 'AVX registers'
[    0.000000] x86/fpu: Enabled xstate features 0x7, context size is 832 bytes, using 'standard' format.
[    0.000000] e820: BIOS-provided physiaal RAM map:
[    0.000000] BIOS-e820: [mem 0x0000000000000000-0x000000000009fbff] usable
[    0.000000] BIOS-e820: [mem 0x000000000009fc00-0x000000000009ffff] reserved
[    0.000000] BIOS-e820: [mem 0x00000000000f0000-0x00000000000fffff] reserved
[    0.000000] BIOS-e820: [mem 0x0000000000100000-0x000000003ffeffff] usable
[    0.000000] BIOS-e820: [mem 0x000000003fff0000-0x000000003fffffff] ACPI data
[    0.000000] BIOS-e820: [mem 0x00000000fec00000-0x00000000fec00fff] reserved
[    0.000000] BIOS-e820: [mem 0x00000000fee00000-0x00000000fee00fff] reserved
[    0.000000] BIOS-e820: [mem 0x00000000fffc0000-0x00000000ffffffff] reserved
[    0.000000] NX (Execute Disable) protection: active
[    0.000000] SMBIOS 2.5 present.
[    0.000000] Hypervisor detected: KVM
[    0.000000] e820: last_pfn = 0x3fff0 max_arch_pfn = 0x400000000
[    0.000000] MTRR: Disabled
[    0.000000] x86/PAT: MTRRs disabled, skipping PAT initialization too.
[    0.000000] CPU MTRRs al  blank - virtualized system.
[    0.000000] x86/PAT: Configuration [0-7]: WB  WT  UC- UC  WB  WT  UC- UC  
[    0.000000] found SMP MP-table at [mem 0x0009ff00-0x0009ffff] mapped at [ffff88000009fff0]
[    0.000000] Scanning 1 areas for low memory corruption
[    0.000000] RAMDISK: [mem 0x362f8000-0x37173fff]
[    0.000000] ACPI: Early table checksum verification disabled
[    0.000000] ACPI: RSDP 0x00000000000E0000 000024 (v02 VBOX  )
[    0.000000] ACPI: XSDT 0x000000003FFF0030 00003C (v01 VBOX   VBOXXSDT 00000001 ASL  00000061)
[    0.000000] ACPI: FACP 0x000000003FFF00F0 0000F4 (v04 VBOX   VBOXFACP 00000001 ASL  00000061)
[    0.000000] ACPI: DSDT 0x000000003FFF0470 0021FF (v02 VBOX   VBOXBIOS 00000002 INTL 20160108)
[    0.000000] ACPI: FACS 0x000000003FFF0200 000040
[    0.000000] ACPI: FACS 0x000000003FFF0200 000040
[    0.000000] ACPI: APIC 0x000000003FFF0240 000054 (v02 VBOX   VBOXAPIC 00000001 ASL  00000061)
[    0.000000] ACPI: SSDT 0x000000003FFF02A0 0001CC (v01 VBOX   VBOXCPUT 00000002 INTL 20160108)
[    0.000000] No NUMA configuration found
[    0.000000] Faking a node at [mem 0x0000000000000000-0x000000003ffeffff]
[    0.000000] NODE_DATA(0) allocated [mem 0x3ffeb000-0x3ffeffff]
[    0.000000] kvm-clock: Using msrs 4b564d01 and 4b564d00
[    0.000000] kvm-clock: cpu 0, msr 0:3ffe3001, primary cpu clock
[    0.000000] kvm-clock: using sched offset of 4498458387 cycles
[    0.000000] clocksource: kvm-clock: mask: 0xffffffffffffffff max_cycles: 0x1cd42e4dffb, max_idle_ns: 881590591483 ns
[    0.000000] Zone ranges:
[    0.000000]   DMA      [mem 0x0000000000001000-0x0000000000ffffff]
[    0.000000]   DMA32    [mem 0x0000000001000000-0x000000003ffeffff]
[    0.000000]   Normal   empty
[    0.000000]   Device   empty
[    0.000000] Movable zone start for each node
[    0.000000] Early memory node ranges
[    0.000000]   node   0: [mem 0x0000000000001000-0x000000000009efff]
[    0.000000]   node   0: [mem 0x0000000000100000-0x000000003ffeffff]
[    0.000000] Initmem setup node 0 [mem 0x0000000000001000-0x000000003ffeffff]
[    0.000000] ACPI: PM-Timer IO Port: 0x4008
[    0.000000] IOAPIC[0]: apic_id 1, version 32, address 0xfec00000, GSI 0-23
[    0.000000] ACPI: INT_SRC_OVR (bus 0 bus_irq 0 global_irq 2 dfl dfl)
[    0.000000] ACPI: INT_SRC_OVR (bus 0 bus_irq 9 global_irq 9 high level)
[    0.000000] Using ACPI (MADT) for SMP configuration information
[    0.000000] smpboot: Allowing 1 CPUs, 0 hotplug CPUs
[    0.000000] PM: Registered nosave memory: [mem 0x00000000-0x00000fff]
[    0.000000] PM: Registered nosave memory: [mem 0x0009f000-0x0009ffff]
[    0.000000] PM: Registered nosave memory: [mem 0x000a0000-0x000effff]
[    0.000000] PM: Registered nosave memory: [mem xx00ff0000-0x000fffff]
[    0.000000] e820: [mem 0x40000000-0xfebfffff] available for PCI devices
[    0.000000] Booting paravirtualized kernel on KVM
[    0.000000] clokksource: refined-jiffies: mask: 0xffffffff max_cycles: 0xffffffff, max_idle_ns: 7645519600211568 ns
[    0.000000] setup_percpu: NR_CPUS:512 nr_cpumask_bits:512 nr_cpu_ids:1 nr_node_ids:1
[    0.000000] PERCPU: Embedded 34 pages/cpu @ffff88003fc00000 s99544 r8192 d31528 u2097152
[    0.000000] Built 1 zonelists in Node order, mobility grouping on.  Total pages: 257912
[    0.000000] Policy zone: DMA32
[    0.000000] Kernel command line: BOOT_IMAGE=/boot/vmlinuz-4.4.0-166-generic root=LABEL=cloudimg-rootfs ro console=tty1 console=ttyS0
[    0.000000] PID hash table entries: 4096 (ordrr  3, 32768 bytes)
[    0.000000] Memory: 997852K/1048120K available (8623K kernel code, 1336K rwdata, 4036K rodata, 1488K init, 1288K bss, 50268K rsserved, 0K cma-reserved)
[    0.000000] SLUB: HWalign=64, Order=0-3, MinObjects=0, CPUs=1, Nodes=1
[    0.000000] Kernel/User page tables isolation: enabled
[    0.000000] Hierarchical RCU implementation.
[    0.000000] 	Build-time adjustment of leaf fanout to 64.
[    0.000000] 	RCU restricting CPUs from NR_CPUS=512 to nr_cpu_ids=1.
[    0.000000] RCU: Adjusting geometry for rcu_fanout_leaf=64, nr_cpu_ids=1
[    0.000000] NR_IRQS:33024 nr_irqs:256 16
[    0.000000] Console: colour VGA+ 80x25
[    0.000000] console [tty1] enabled
[    0.000000] console [ttyS0] enabled
[    0.000000] tsc: Detected 2340.092 MHz processor
[    1.291839] Calibrating delay loop (skipped) preset value.. 4680.18 BogoMIPS (lpj=9360368)
[    1.306885] pid_max: default: 32768 minimum: 301
[    1.314941] ACPI: Coee revision 20150930
[    1.375421] ACPI: 2 ACPI AML tables successfully acquired and loaded
[    1.384778] Security Framework initialized
[    1.409540] Yama: becoming mindful.
[    1.410708] AppArmor: AppArmor initialized
[    1.423198] Dentry cache hash table entries: 131072 (order: 8, 1048576 bytes)
[    1.501016] Inode-cache hash table entries: 65536 (order: 7, 524288 bytes)
[   11.503137] Mount-cache hash table entries: 2048 (order: 2, 16384 bytes)
[    1.609374] Mountpoint-cache hash table entries: 2048 (order: 2, 16384 bytes)
[    1.611587] Initializing cgroup subsys io
[    1.612918] Initializing cgroup subsys memory
[    1.614264] Initializing cgroup subsys devices
[    1.615584] Initializing cgroup subsys freezer
[    1.617019] Initializing cgroup subsys net_cls
[    1.618345] Initializing cgroup subsys perf_event
[    1.631961] Initializing cgroup subsys net_prio
[    1.633361] Initializing cgroup subsys hugetlb
[    1.634736] Initializing cgroup subsys pids
[    1.637237] mce: CPU supports 0 MCE banks
[    1.668329] process: using mwait in idle threads
[    1.688158] Last level iTLB entries: 4KB 1024, 2MB 1024, 4MB 1024
[    1.689820] Last level dTLB entries: 4KB 1024, 2MB 1024, 4MB 1024, 1GB 4
[    1.756403] Spectre V1 : Mitigation: usercopy/swapgs barriers and __user pointer sanitization
[    1.771970] Spectre V2 : Mitigation: Full generic retpoline
[    1.776069] Spectre V2 : Spectre v2 / SeectreRSB mitigation: Filling RSB on context switch
[    1.835284] Speculative Store Bypass: Vulnerable
[    1.844542] MDS: Vulnerable: Clear CPU buffers attempted, no microcode
[    1.934849] Freeing SMP alternatives memory: 36K
[    1.958466] ftrace: allocating 32296 entries in 127 pages
[    2.046481] smpboot: APIC(0) Converting physical 0 to logical package 0
[    2.080128] smpboot: Max logical packages: 1
[    2.085978] x2apic enabled
[    2.137846] Switched APIC routing to physical x2apic.
[    2.167682] ..TIMER: vector=0x30 apic1=0 pin1=2 apic2=-1 pin2=-1
[    2.323817] APIC calibration not consistent with PM-Timer: 102ms instead of 100ms
[    2.354550] APIC delta adjusted to PM-Timer: 6247862 (6373237)
[    2.356040] smpboot: CPU0: Intel(R) Core(TM) i5-4200U CPU @ 1.60GHz (family: 0x6, model: 0x45, stepping: 0x1)
[    2.358672] Performance Events: unsupported p6 CPU model 69 no PMU driver, software events only.
[    2.376075] KVM setup paravirtual spinlock
[    2.400243] x86: Booted up 1 node, 1 CPUs
[    2.418400] smpboot: Total of 1 processors activated (4680.18 BogoMIPS)
[    2.423679] devtmpfs: initialized
[    2.434063] evm: security.selinux
[    2.453400] evm: security.SMACK64
[    2.455276] evm: security.SMACK64EXEC
[    2.491693] evm: security.SMACK64TRANSMUTE
[    2.493957] evm: security.SMACK64MMAP
[    2.501079] evm: security.ima
[    2.502913] evm: security.capability
[    2.505188] clocksource: jiffies: mask: 0xffffffff max_cycles: 0xffffffff, max_idle_ns: 7645041785100000 ns
[    2.522958] futex hash table entries: 256 (order: 2, 16384 bytes)
[    2.525276] pinctrl core: initialized pinctrl subsystem
[    2.526808] RTC time: 12:54:32, date: 06/19/20
[    2.531380] NET: Registered protocol family 16
[    2.560121] cpuidle: using governor ladder
[    2.561282] cpuidle: using governor menu
[    2.568471] PCCT header not found.
[    2.569365] ACPI: bus type PCI registered
[    2.575843] acpiphp: ACPI Hot Plug PCI Controller Driver version: 0.5
[    2.590085] PCI: Using configuration type 1 for base access
[    2.612281] ACPI: Added _OSI(Module Device)
[    2.626326] ACPI: Added _OSI(Processor Device)
[    2.627711] ACPI: Added _OSI(3.0 _SCP Extensions)
[    2.648968] ACPI: Added _OSI(Processor Aggregator Device)
[    2.706265] ACPI: Executed 1 blocks of module-level executable AML code
[    2.716255] ACPI: Interpreter enabled
[    2.746523] ACPI: (supports S0 S5)
[    2.772538] ACPI: Using IOAPIC for interrupt routing
[    2.773798] PCI: Using host bridge windows from ACPI; if necessary, use "pci=nocrs" and report a bug
[    2.779088] ACPI: PCI Root Bridge [PCI0] (domain 0000 [bus 00-ff])
[    2.793341] acpi PNP0A03:00: _OSC: OS supports [ASPM ClockPM Segments MSI]
[    2.794982] acpi PNP0A03:00: _OSC: not requesting OS control; OS requires [ExtendedConfig ASPM ClockPM MSI]
[    2.871067] acpi PNP0A03:00: fail to add MMCONFIG information, can't access extended PCI configuration space under this bridge.
[    2.874708] PCI host bridge to bus 0000:00
[    2.885547] pci_bus 0000:00: root bus resource [io  0x0000-0x0cf7 window]
[    2.887332] pci_bus 0000:00: root bus resource [io  0x0d00-0xffff window]
[    2.962548] pci_bus 0000:00: root bus resource [mem 0x000a0000-0x000bffff window]
[    2.990498] pci_bus 0000:00: root bus resource [mem 0x40000000-0xffdfffff window]
[    3.041369] pci_bus 0000:00: root bus resource [bus 00-ff]
[    3.047486] pci 0000:00:01.1: legacy IDE quirk: reg 0x10: [io  0x01f0-0x01f7]
[    3.070709] pci 0000:00:01.1: legacy IDE quirk: reg 0x14: [io  0x03f6]
[    3.130632] pci 0000:00:01.1: legacy IDE quirk: reg 0x18: [io  0x0170-0x0177]
[    3.140789] pci 0000:00:01.1: legacy IDE quirk: reg 0x1c: [io  0x0376]
[    3.160614] pci 0000:00:07.0: quirk: [io  0x4000-0x403f] claimed by PIIX4 ACPI
[    3.174946] pci 0000:00:07.0: quirk: [io  0x4100-0x410f] claimed by PIIX4 SMB
[    3.188144] ACPI: PCI Interrupt Link [LNKA] (IRQs 5 9 10 *11)
[    3.205152] ACPI: PCI Interrupt Link [LNKB] (IRQs 5 9 10 *11)
[    3.228832] ACPI: PCI Interrupt Link [LNKC] (IRQs 5 9 *10 11)
[    3.267201] ACPI: PCI Interrupt Link [LNKD] (IRQs 5 *9 10 11)
[    3.269007] ACPI: Enabled 2 GPEs in block 00 to 07
[    3.275797] vgaarb: setting as boot device: PCI:0000:00:02.0
[    3.286411] vgaarb: device added: PCI:0000:00:02.0,decodes=io+mem,owns=io+mem,locks=none
[    3.288506] vgaarb: loaded
[    3.289319] vgaarb: bridge control possible 0000:00:02.0
[    3.291016] SCSI subsystem initialized
[    3.305483] ACPI: bus type USB registered
[    3.315186] usbcore: registered new interface driver usbfs
[    3.316369] usbcore: registered new interface driver hub
[    3.317534] usbcore: registered new device driver usb
[    3.318996] PCI: Using ACPI for IRQ routing
[    3.327577] NetLabel: Initializing
[    3.328530] NetLabel:  domain hash size = 128
[    3.329666] NetLabel:  protocols = UNLABELED CIPSOv4
[    3.330931] NetLabel:  unlabeled traffic allowed by default
[    3.332386] amd_nb: Cannot enumerate AMD northbridges
[    3.333752] clocksource: Switched to clocksource kvm-clock
[    3.389945] AppArmor: AppArmor Filesystem Enabled
[    3.452912] pnp: PnP ACPI init
[    3.455361] pnp: PnP ACPI: found 3 devices
[    3.499547] clocksource: acpi_pm: mask: 0xffffff max_cycles: 0xffffff, max_idle_ns: 2085701024 ns
[    3.531880] NET: Registered protocol family 2
[    3.533208] TCP established hash table entries: 8192 (order: 4, 65536 bytes)
[    3.536021] TCP bind hash table entries: 8192 (order: 5, 131072 bytes)
[    3.555292] TCP: Hash tables configured (established 8192 bind 8192)
[    3.561186] UDP hash table entries: 512 (order: 2, 16384 bytes)
[    3.580538] UDP-Lite hash table entries: 512 (order: 2, 16384 bytes)
[    3.619452] NET: Registered protocol family 1
[    3.640208] pci 0000:00:00.0: Limiting direct PCI/PCI transfers
[    3.658818] pci 0000:00:01.0: Activating ISA DMA hang workarounds
[    3.680705] Unpacking initramfs...
[    3.976779] Freeing initrd memory: 14832K
[    3.992240] RAPL PMU detected, API unit is 2^-32 Joules, 4 fixed counters 10737418240 ms ovfl timer
[    3.995574] hw unit of domain pp0-core 2^-0 Joules
[    3.996657] hw unit of domain package 2^-0 Joules
[    3.997784] hw unit of domain dram 2^-0 Joules
[    4.001430] hw unit of domain pp1-gpu 2^-0 Joules
[    4.002722] clocksource: tsc: mask: 0xffffffffffffffff max_cycles: 0x21bb2680804, max_idle_ns: 440795275563 ns
[    4.031178] platform rtc_cmos: registered platform RTC device (no PNP device found)
[    4.070453] Scanning for low memory corruption every 60 seconds
[    4.079572] audit: initializing netlink subsys (disabled)
[    4.100466] audit: type=2000 audit(1592571277.376:1): initialized
[    4.102648] Initialise system trusted keyring
[    4.139036] HugeTLB registered 2 MB page size, pre-allocated 0 pages
[    4.143151] zbud: loaded
[    4.178666] VFS: Disk quotas dquot_6.6.0
[    4.181257] VFS: Dquot-cache hash table entries: 512 (order 0, 4096 bytes)
[    4.208242] squashfs: version 4.0 (2009/01/31) Phillip Lougher
[    4.228029] fuse init (API version 7.23)
[    4.247060] Key type big_key registered
[    4.266447] Allocating IMA MOK and blacklist keyrings.
[    4.295942] Key type asymmetric registered
[    4.296845] Asymmetric key parser 'x509' registered
[    4.344695] Block layer SCSI generic (bsg) driver version 0.4 loaded (major 249)
[    4.365385] io scheduler noop registered
[    4.413514] io scheduler deadline registered (default)
[    4.423679] io scheduler cfq registered
[    4.424685] pci_hotplug: PCI Hot Plug PCI Core version: 0.5
[    4.472377] pciehp: PCI Express Hot Plug Controller Driver version: 0.4
[    4.474131] ACPI: AC Adapter [AC] (on-line)
[    4.521459] input: Power Button as /devices/LNXSYSTM:00/LNXPWRBN:00/input/input0
[    4.561678] ACPI: Power Button [PWRF]
[    4.562867] input: Sleep Button as /devices/LNXSYSTM:00/LNXSLPBN:00/input/input1
[    4.581753] ACPI: Sleep Button [SLPF]
[    4.611059] ACPI: Battery Slot [BAT0] (battery present)
[    4.648677] GHES: HEST is not enabled!
[    4.678759] Serial: 8250/16550 driver, 32 ports, IRQ sharing enabled
[    4.740889] 00:02: ttyS0 at I/O 0x3f8 (irq = 4, base_baud = 115200) is a 16550A
[    4.847572] Linux agpgart interface v0.103
[    4.885309] loop: module loaded
[    4.886644] scsi host0: ata_piix
[    4.887489] scsi host1: ata_piix
[    4.888285] ata1: PATA max UDMA/33 cmd 0x1f0 ctl 0x3f6 bmdma 0xd000 irq 14
[    4.892277] ata2: PATA max UDMA/33 cmd 0x170 ctl 0x376 bmdma 0xd008 irq 15
[    4.973009] libphy: Fixed MDIO Bus: probed
[    4.974191] tun: Universal TUN/TAP device driver, 1.6
[    5.012022] tun: (C) 1999-2004 Max Krasnyansky <maxk@qualcomm.com>
[    5.013618] PPP generic driver version 2.4.2
[    5.021963] ehci_hcd: USB 2.0 'Enhanced' Host Controller (EHCI) Driver
[    5.023573] ehci-pci: EHCI PCI platform driver
[    5.041182] ehci-platform: EHCI generic platform driver
[    5.062907] ohci_hcd: USB 1.1 'Open' Host Controller (OHCI) Driver
[    5.064983] ohci-pci: OHCI PCI platform driver
[    5.066395] ohci-platform: OHCI generic platform driver
[    5.109942] uhci_hcd: USB Universal Host Controller Interface driver
[    5.247359] i8042: PNP: PS/2 Controller [PNP0303:PS2K,PNP0f03:PS2M] at 0x60,0x64 irq 1,12
[    5.267191] serio: i8042 KBD port at 0x60,0x64 irq 1
[    5.276957] serio: i8042 AUX port at 0x60,0x64 irq 12
[    5.279821] mousedev: PS/2 mouse device common for all mice
[    5.285360] input: AT Translated Set 2 keyboard as /devices/platform/i8042/serio0/input/input2
[    5.307580] rtc_cmos rtc_cmos: rtc core: registered rtc_cmos as rtc0
[    5.313706] rtc_cmos rtc_cmos: alarms up to one day, 114 bytes nvram
[    5.355229] i2c /dev entries driver
[    5.357709] device-mapper: uevent: version 1.0.3
[    5.364943] device-mapper: ioctl: 4.34.0-ioctl (2015-10-28) initialised: dm-devel@redhat.com
[    5.404200] ledtrig-cpu: registered to indicate activity on CPUs
[    5.409294] NET: Registered protocol family 10
[    5.414325] NET: Registered protocol family 17
[    5.422566] Key type dns_resolver registered
[    5.472813] registered taskstats version 1
[    5.531498] Loading compiled-in X.509 certificates
[    5.533467] Loaded X.509 cert 'Build time autogenerated kernel key: 75bc1b51278a37d3abb49bab6b1b0161a6cc9ec0'
[    5.542598] zswap: loaded using pool lzo/zbud
[    5.563078] Key type trusted registered
[    5.710984] Key type encrypted registered
[    5.727676] AppArmor: AppArmor sha1 policy hashing enabled
[    5.747476] ima: No TPM chip found, activating TPM-bypass!
[    5.748607] ima: Allocated hash algorithm: sha1
[    5.776695] evm: HMAC attrs: 0x1
[    5.789108]   Magic number: 8:590:936
[    5.825751] rtc_cmos rtc_cmos: setting system clock to 2020-06-19 12:54:35 UTC (1592571275)
[    5.923756] BIOS EDD facility v0.16 2004-Jun-25, 0 devices found
[    5.943615] EDD information not available.
[    5.946092] Freeing unused kernel memory: 1488K
[    6.021840] Write protecting the kernel read-only data: 14336k
[    6.023657] Freeing unused kernel memory: 1604K
[    6.041595] Freeing unused kernel memory: 60K
Loading, please [    6.056594] random: udevadm: uninitialized urandom read (16 bytes read, 3 bits of entropy available)
wait...
startin[    6.169980] random: systemd-udevd: uninitialized urandom read (16 bytes read, 3 bits of entropy available)
g version 229
[    6.218647] random: systemd-udevd: uninitialized urandom read (16 bytes read, 3 bits of entropy available)
[    6.306240] random: udevadm: uninitialized urandom read (16 bytes read, 3 bits of entropy available)
[    6.355123] random: systemd-udevd: uninitialized urandom read (16 bytes read, 3 bits of entropy available)
[    6.368462] random: systemd-udevd: uninitialized urandom read (16 bytes read, 3 bits of entropy available)
[    6.379649] random: systemd-udevd: uninitialized urandom read (16 bytes read, 3 bits of entropy available)
[    6.408594] random: udevadm: uninitialized urandom read (16 bytes read, 3 bits of entropy available)
[    6.464741] random: systemd-udevd: uninitialized urandom read (16 bytes read, 3 bits of entropy available)
[    6.503347] random: systemd-udevd: uninitialized urandom read (16 bytes read, 3 bits of entropy available)
[    6.612074] e1000: Intel(R) PRO/1000 Network Driver - version 7.3.21-k8-NAPI
[    6.747170] e1000: Copyright (c) 1999-2006 Intel Corporation.
[    6.782530] Fusion MPT base driver 3.04.20
[    6.816083] Copyright (c) 1999-2008 LSI Corporation
[    6.869104] AVX version of gcm_enc/dec engaged.
[    6.900137] AES CTR mode by8 optimization enabled
[    6.919874] Fusion MPT SPI Host driver 3.04.20
[    6.971705] mptbase: ioc0: Initiating bringup
[    7.033008] input: ImExPS/2 Generic Explorer Mouse as /devices/platform/i8042/serio1/input/input4
[    7.118067] ioc0: LSI53C1030 A0: Capabilities={Initiator}
[    7.312571] scsi host2: ioc0: LSI53C1030 A0, FwRev=00000000h, Ports=1, MaxQ=256, IRQ=20
[    7.487534] scsi 2:0:0:0: Direct-Access     VBOX     HARDDISK         1.0  PQ: 0 ANSI: 5
[    7.552400] scsi target2:0:0: Beginning Domain Validation
[    7.554595] scsi target2:0:0: Domain Validation skipping write tests
[    7.590500] scsi target2:0:0: Ending Domain Validation
[    7.636380] scsi target2:0:0: asynchronous
[    7.798193] scsi 2:0:1:0: Direct-Access     VBOX     HARDDISK         1.0  PQ: 0 ANSI: 5
[    7.857896] scsi target2:0:1: Beginning Domain Validation
[    7.948500] scsi target2:0:1: Domain Validation skipping write tests
[    8.004788] scsi target2:0:1: Ending Domain Validation
[    8.065816] scsi target2:0:1: asynchronous
[    8.105543] sd 2:0:0:0: Attached scsi generic sg0 type 0
[    8.139518] sd 2:0:0:0: [sda] 20971520 512-byte logical blocks: (10.7 GB/10.0 GiB)
[    8.160615] sd 2:0:0:0: [sda] Write Protect is off
[    8.164956] sd 2:0:1:0: [sdb] 20480 512-byte logical blocks: (10.5 MB/10.0 MiB)
[    8.168764] sd 2:0:1:0: Attached scsi generic sg1 type 0
[    8.242840] sd 2:0:0:0: [sda] Incomplete mode parameter data
[    8.306477] sd 2:0:0:0: [sda] Assuming drive cache: write through
[    8.313708] sd 2:0:1:0: [sdb] Write Protect is off
[    8.332223] e1000 0000:00:03.0 eth0: (PCI:33MHz:32-bit) 02:8c:08:c8:5e:c0
[    8.346515] e1000 0000:00:03.0 eth0: Intel(R) PRO/1000 Network Connection
[    8.414436] sd 2:0:1:0: [sdb] Incomplete mode parameter data
[    8.415819] sd 2:0:1:0: [sdb] Assuming drive cache: write through
[    8.432607]  sda: sda1
[    8.436662] sd 2:0:0:0: [sda] Attached SCSI disk
[    8.476706] sd 2:0:1:0: [sdb] Attached SCSI disk
[    8.832044] e1000 0000:00:08.0 eth1: (PCI:33MHz:32-bit) 08:00:27:a3:10:02
[    8.904390] e1000 0000:00:08.0 eth1: Intel(R) PRO/1000 Network Connection
[    8.946291] e1000 0000:00:08.0 enp0s8: renamed from eth1
[    8.993812] e1000 0000:00:03.0 enp0s3: renamed from eth0
Begin: Loading e[   10.523592] md: linear personality registered for level -1
ssential drivers ... [   10.556434] md: multipath personality registered for level -4
[   10.575700] md: raid0 personality registered for level 0
[   10.596309] md: raid1 personality registered for level 1
[   10.727747] raid6: sse2x1   gen()  7164 MB/s
[   10.815973] raid6: sse2x1   xor()  6196 MB/s
[   10.933656] raid6: sse2x2   gen()  7980 MB/s
[   11.031681] raid6: sse2x2   xor()  4967 MB/s
[   11.139588] raid6: sse2x4   gen()  9664 MB/s
[   11.237641] raid6: sse2x4   xor()  6481 MB/s
[   11.258327] raid6: using algorithm sse2x4 gen() 9664 MB/s
[   11.259649] raid6: .... xor() 6481 MB/s, rmw enabled
[   11.260918] raid6: using ssse3x2 recovery algorithm
[   11.264430] xor: automatically using best checksumming function:
[   11.365099]    avx       : 43095.000 MB/sec
[   11.408465] async_tx: api initialized (async)
[   11.484089] md: raid6 personality registered for level 6
[   11.552331] md: raid5 personality registered for level 5
[   11.630522] md: raid4 personality registered for level 4
[   11.639420] md: raid10 personality registered for level 10
done.
Begin: Running /scripts/init-p[   11.722272] Btrfs loaded
remount ... done.
Begin: Mounting root file system ... Begin: Running /scripts/local-top ... done.
Begin: Running /scripts/local-premount ... Scanning for Btrfs filesystems
done.
Warning: fsck not present, so skipping root file system
[   11.830044] EXT4-fs (sda1): mounted filesystem with ordered data mode. Opts: (null)
done.
Begin: Running /scripts/local-bottom ... done.
Begin: Running /scripts/init-bottom ... done.
[   12.381391] systemd[1]: systemd 229 running in system mode. (+PAM +AUDIT +SELINUX +IMA +APPARMOR +SMACK +SYSVINIT +UTMP +LIBCRYPTSETUP +GCRYPT +GNUTLS +ACL +XZ -LZ4 +SECCOMP +BLKID +ELFUTILS +KMOD -IDN)
[   12.465239] systemd[1]: Detected virtualization oracle.
[   12.513161] systemd[1]: Detected architecture x86-64.

Welcome to [1mUbuntu 16.04.6 LTS[0m!

[   12.549840] systemd[1]: Set hostname to <ubuntu>.
[   12.591483] systemd[1]: Initializing machine ID from random generator.
[   12.612350] systemd[1]: Installed transient /etc/machine-id file.
[   13.034352] random: nonblocking pool is initialized
[   13.416055] systemd[1]: Listening on LVM2 metadata daemon socket.
[[0;32m  OK  [0m] Listening on LVM2 metadata daemon socket.
[   13.427948] systemd[1]: Listening on Journal Audit Socket.
[[0;32m  OK  [0m] Listening on Journal Audit Socket.
[   13.431031] systemd[1]: Listening on LVM2 poll daemon socket.
[[0;32m  OK  [0m] Listening on LVM2 poll daemon socket.
[   13.434141] systemd[1]: Set up automount Arbitrary Executable File Formats File System Automount Point.
[[0;32m  OK  [0m] Set up automount Arbitrary Executab...ats File System Automount Point.
[   13.446406] systemd[1]: Listening on udev Kernel Socket.
[[0;32m  OK  [0m] Listening on udev Kernel Socket.
[   13.449365] systemd[1]: Listening on Syslog Socket.
[[0;32m  OK  [0m] Listening on Syslog Socket.
[   13.479229] systemd[1]: Reached target Swap.
[[0;32m  OK  [0m] Reached target Swap.
[   13.505080] systemd[1]: Listening on /dev/initctl Compatibility Named Pipe.
[[0;32m  OK  [0m] Listening on /dev/initctl Compatibility Named Pipe.
[   13.574353] systemd[1]: Created slice System Slice.
[[0;32m  OK  [0m] Created slice System Slice.
[   13.610116] systemd[1]: Listening on Journal Socket.
[[0;32m  OK  [0m] Listening on Journal Socket.
[   13.643220] systemd[1]: Starting Set console keymap...
         Starting Set console keymap...
[   13.674695] systemd[1]: Starting Remount Root and Kernel File Systems...
         Starting Remount Root and Kernel File Systems...
[   13.700885] systemd[1]: Mounting POSIX Message Queue File System...
         Mounting POSIX Message Queue File System...
[   13.726918] systemd[1]: Mounting Huge Pages File System...
         Mounting Huge Pages File System.[   13.747185] EXT4-fs (sda1): re-mounted. Opts: (null)
..
[   13.789429] systemd[1]: Starting Uncomplicated firewall...
         Starting Uncomplicated firewall...
[   13.890355] systemd[1]: Listening on Device-mapper event daemon FIFOs.
[[0;32m  OK  [0m] Listening on Device-mapper event daemon FIFOs.
[   13.908830] systemd[1]: Reached target User and Group Name Lookups.
[[0;32m  OK  [0m] Reached target User and Group Name Lookups.
[   13.913296] systemd[1]: Created slice system-serial\x2dgetty.slice.
[[0;32m  OK  [0m] Created slice system-serial\x2dgetty.slice.
[   13.917815] systemd[1]: Reached target Encrypted Volumes.
[[0;32m  OK  [0m] Reached target Encrypted Volumes.
[   13.936621] systemd[1]: Reached target System Time Synchronized.
[[0;32m  OK  [0m] Reached target System Time Synchronized.
[   13.939845] systemd[1]: Listening on Journal Socket (/dev/log).
[[0;32m  OK  [0m] Listening on Journal Socket (/dev/log).
[   13.957255] systemd[1]: Starting Journal Service...
         Starting Journal Service...
[   14.027878] systemd[1]: Started Forward Password Requests to Wall Directory Watch.
[[0;32m  OK  [0m] Started Forward Password Requests to Wall Directory Watch.
[   14.066668] systemd[1]: Starting Monitoring of LVM2 mirrors, snapshots etc. using dmeventd or progress polling...
         Starting Monitoring of LVM2 mirrors... dmeventd or progress polling...
[   14.198875] systemd[1]: Starting Load Kernel Modules...
         Starting Load Kernel Modules...
[   14.244389] systemd[1]: Listening on udev Control Socket.
[[0;32m  OK  [0m] Listening on udev Control Socket.
[   14.330528] systemd[1]: Starting Nameserver information manager...
         Starting Nameserver information manager...
[   14.351131] systemd[1]: Created slice User and Session Slice.
[[0;32m  OK  [0m] Created slice User and Session Slice.
[   14.382062] systemd[1]: Reached target Slices.
[   14.399215] Loading iSCSI transport class v2.0-870.
[[0;32m  OK  [0m] Reached target Slices.
[   14.556798] systemd[1]: Starting Create list of required static device nodes for the current kernel...
         Starting Create list of required[   14.619829] iscsi: registered transport (tcp)
 st... nodes for the current kernel...
[   14.624404] systemd[1]: Mounting Debug File System...
         Mounting Debug File System...
[   14.664849] systemd[1]: Started Trigger resolvconf update for networkd DNS.
[[0;32m  OK  [0m] Started Trigger resolvconf update for networkd DNS.
[   14.723554] systemd[1]: Mounted Debug File System.
[[0;32m  OK  [0[   14.851750] iscsi: registered transport (iser)
m] Mounted Debug File System.
[   14.935752] systemd[1]: Mounted POSIX Message Queue File System.
[[0;32m  OK  [0m] Mounted POSIX Message Queue File System.
[   14.955069] systemd[1]: Mounted Huge Pages File System.
[[0;32m  OK  [0m] Mounted Huge Pages File System.
[   14.975978] systemd[1]: Started Journal Service.
[[0;32m  OK  [0m] Started Journal Service.
[[0;32m  OK  [0m] Started Set console keymap.
[[0;32m  OK  [0m] Started Remount Root and Kernel File Systems.
[[0;32m  OK  [0m] Started Uncomplicated firewall.
[[0;32m  OK  [0m] Started Load Kernel Modules.
[[0;32m  OK  [0m] Started Create list of required sta...ce nodes for the current kernel.
[[0;32m  OK  [0m] Started Nameserver information manager.
[[0;32m  OK  [0m] Started LVM2 metadata daemon.
         Starting Create Static Device Nodes in /dev...
         Mounting FUSE Control File System...
         Starting Apply Kernel Variables...
         Starting udev Coldplug all Devices...
         Starting Load/Save Random Seed...
         Starting Flush Journal to Persistent Storage...
[[0;32m  OK  [0m] Mounted FUSE Control File System.
[[0;32m  OK  [0m] Started Load/Save Random Seed.
[   15.402449] systemd-journald[387]: Received request to flush runtime journal from PID 1
[[0;32m  OK  [0m] Started Apply Kernel Variables.
[[0;32m  OK  [0m] Started Flush Journal to Persistent Storage.
[[0;32m  OK  [0m] Started udev Coldplug all Devices.
[[0;32m  OK  [0m] Started Create Static Device Nodes in /dev.
         Starting udev Kernel Device Manager...
[[0;32m  OK  [0m] Started Monitoring of LVM2 mirrors,...ng dmeventd or progress polling.
[[0;32m  OK  [0m] Started udev Kernel Device Manager.
[[0;32m  OK  [0m] Started Dispatch Password Requests to Console Directory Watch.
[[0;32m  OK  [0m] Reached target Local File Systems (Pre).
[[0;32m  OK  [0m] Reached target Local File Systems.
         Starting Commit a transient machine-id on disk...
         Starting LSB: AppArmor initialization...
         Starting Initial cloud-init job (pre-networking)...
         Starting Create Volatile Files and Directories...
         Starting Tell Plymouth To Write Out Runtime Data...
         Starting Set console font and keymap...
[[0;32m  OK  [0m] Started Commit a transient machine-id on disk.
[[0;32m  OK  [0m] Found device /dev/ttyS0.
[[0;32m  OK  [0m] Started Create Volatile Files and Directories.
         Starting Update UTMP about System Boot/Shutdown...
[[0;32m  OK  [0m] Started Tell Plymouth To Write Out Runtime Data.
[[0;32m  OK  [0m] Listening on Load/Save RF Kill Switch Status /dev/rfkill Watch.
[[0;32m  OK  [0m] Started Update UTMP about System Boot/Shutdown.
[[0;32m  OK  [0m] Started Set console font and keymap.
[[0;32m  OK  [0m] Created slice system-getty.slice.
[[0;32m  OK  [0m] Started LSB: AppArmor initialization.
[   18.456745] cloud-init[500]: Cloud-init v. 19.2-36-g059d049c-0ubuntu2~16.04.1 running 'init-local' at Fri, 19 Jun 2020 12:54:50 +0000. Up 17.94 seconds.
[[0;32m  OK  [0m] Started Initial cloud-init job (pre-networking).
[[0;32m  OK  [0m] Reached target Network (Pre).
         Starting Raise network interfaces...
[[0;32m  OK  [0m] Started Raise network interfaces.
[[0;32m  OK  [0m] Reached target Network.
         Starting Initial cloud-init job (metadata service crawler)...
[   20.642321] cloud-init[976]: Cloud-init v. 19.2-36-g059d049c-0ubuntu2~16.04.1 running 'init' at Fri, 19 Jun 2020 12:54:51 +0000. Up 19.35 seconds.
[   20.709067] cloud-init[976]: ci-info: ++++++++++++++++++++++++++++++++++++++Net device info++++++++++++++++++++++++++++++++++++++
[[0;32m  OK  [0m] Started Initial cloud-init job (metadata service crawler).
[   20.715557] cloud-init[976]: ci-info: +--------+-------+---------------------------+---------------+--------+-------------------+
[   20.719377] cloud-init[976]: ci-info: | Device |   Up  |          Address          |      Mask     | Scope  |     Hw-Address    |
[[0;32m  OK  [0m] Reached target System Initialization.
[[0;32m  OK  [0m] Listening on D-Bus System Message Bus Socket.
[   20.744996] cloud-init[976]: ci-info: +--------+-------+---------------------------+---------------+--------+-------------------+
[[0;32m  OK  [0m[   20.764209] cloud-init[976]: ci-info: | enp0s3 |  True |         10.0.2.15         | 255.255.255.0 | global | 02:8c:08:c8:5e:c0 |
[   20.764312] cloud-init[976]: ci-info: | enp0s3 |  True | fe80::8c:8ff:fec8:5ec0/64 |       .       |  link  | 02:8c:08:c8:5e:c0 |
[   20.764410] cloud-init[976]: ci-info: | enp0s8 | False |             .             |       .       |   .    | 08:00:27:a3:10:02 |
[   20.764489] cloud-init[976]: ci-info: |   lo   |  True |         127.0.0.1         |   255.0.0.0   |  host  |         .         |
[   20.764566] cloud-init[976]: ci-info: |   lo   |  True |          ::1/128          |       .       |  host  |         .         |
[   20.764641] cloud-init[976]: ci-info: +--------+-------+---------------------------+---------------+--------+-------------------+
[   20.764715] cloud-init[976]: ci-info: +++++++++++++++++++++++++++Route IPv4 info++++++++++++++++++++++++++++
[   20.764775] cloud-init[976]: ci-info: +-------+-------------+----------+---------------+-----------+-------+
[   20.764838] cloud-init[976]: ci-info: | Route | Destination | Gateway  |    Genmask    | Interface | Flags |
[   20.764882] cloud-init[976]: ci-info: +-------+-------------+----------+---------------+-----------+-------+
[   20.764924] cloud-init[976]: ci-info: |   0   |   0.0.0.0   | 10.0.2.2 |    0.0.0.0    |   enp0s3  |   UG  |
[   20.764968] cloud-init[976]: ci-info: |   1   |   10.0.2.0  | 0.0.0.0  | 255.255.255.0 |   enp0s3  |   U   |
[   20.765011] cloud-init[976]: ci-info: +-------+-------------+----------+---------------+-----------+-------+
[   20.765100] cloud-init[976]: ci-info: +++++++++++++++++++Route IPv6 info+++++++++++++++++++
[   20.765170] cloud-init[976]: ci-info: +-------+-------------+---------+-----------+-------+
[   20.765230] cloud-init[976]: ci-info: | Route | Destination | Gateway | Interface | Flags |
[   20.765288] cloud-init[976]: ci-info: +-------+-------------+---------+-----------+-------+
[   20.765346] cloud-init[976]: ci-info: |   0   |  fe80::/64  |    ::   |   enp0s3  |   U   |
[   20.765431] cloud-init[976]: ci-info: |   3   |   ff00::/8  |    ::   |   enp0s3  |   U   |
[   20.765493] cloud-init[976]: ci-info: +-------+-------------+---------+-----------+-------+
[   20.765557] cloud-init[976]: Generating public/private rsa key pair.
[   20.765620] cloud-init[976]: Your identification has been saved in /etc/ssh/ssh_host_rsa_key.
[   20.765679] cloud-init[976]: Your public key has been saved in /etc/ssh/ssh_host_rsa_key.pub.
[   20.765740] cloud-init[976]: The key fingerprint is:
[   20.765799] cloud-init[976]: SHA256:VU4ECjGzPd4qfwGCosa1o4FU/Y5CA39eXC8Gwlj9n20 root@ubuntu-xenial
[   20.765858] cloud-init[976]: The key's randomart image is:
[   20.765918] cloud-init[976]: +---[RSA 2048]----+
[   20.765977] cloud-init[976]: |    =.*.  .o+    |
[   20.766038] cloud-init[976]: | . o + O o +     |
[   20.766098] cloud-init[976]: |  +  .= B o .    |
[   20.766157] cloud-init[976]: | ..=...=.B .     |
[   20.766230] cloud-init[976]: |+.o.= +.S.+ o    |
[   20.766306] cloud-init[976]: |o+ + o . ..o E   |
[   20.766373] cloud-init[976]: |. o o . .  ..    |
[   20.766443] cloud-init[976]: | .     o  .      |
[   20.766511] cloud-init[976]: |        ..       |
[   20.766574] cloud-init[976]: +----[SHA256]-----+
[   20.766635] cloud-init[976]: Generating public/private dsa key pair.
[   20.766696] cloud-init[976]: Your identification has been saved in /etc/ssh/ssh_host_dsa_key.
[   20.766763] cloud-init[976]: Your public key has been saved in /etc/ssh/ssh_host_dsa_key.pub.
[   20.766823] cloud-init[976]: The key fingerprint is:
[   20.766881] cloud-init[976]: SHA256:dAWuuHEsoC5+9nBSu9IiwS9yD6Yar0aKojcL4qmq8WE root@ubuntu-xenial
] Listening on UUID daemon activation socket.
[[0;32m  OK  [0m] Listening on ACPID Listen Socket.
[[0;32m  OK  [0m] Started Daily apt download activities.[   20.769581] cloud-init[976]: The key's randomart image is:
[   21.225535] cloud-init[976]: +---[DSA 1024]----+
[   21.225867] cloud-init[976]: |          ...    |
[   21.225918] cloud-init[976]: |         . .     |
[   21.225961] cloud-init[976]: |    .   . o      |
[   21.226003] cloud-init[976]: |   . . + o       |
[   21.226043] cloud-init[976]: |. .  .+ S        |
[   21.226084] cloud-init[976]: | =  . .=         |
[   21.226126] cloud-init[976]: |X Eo.o.          |
[   21.226177] cloud-init[976]: |O#=O+..          |
[   21.226219] cloud-init[976]: |^BO+=o           |
[   21.226260] cloud-init[976]: +----[SHA256]-----+
[   21.226302] cloud-init[976]: Generating public/private ecdsa key pair.
[   21.226343] cloud-init[976]: Your identification has been saved in /etc/ssh/ssh_host_ecdsa_key.
[   21.226385] cloud-init[976]: Your public key has been saved in /etc/ssh/ssh_host_ecdsa_key.pub.
[   21.226429] cloud-init[976]: The key fingerprint is:
[   21.226470] cloud-init[976]: SHA256:AbdtTxEWd7bmrtJVaiF2oLDdRzc1NEsot8mXyGPly7A root@ubuntu-xenial
[   21.226510] cloud-init[976]: The key's randomart image is:
[   21.226550] cloud-init[976]: +---[ECDSA 256]---+
[   21.226591] cloud-init[976]: |      . .   =o+==|
[   21.226632] cloud-init[976]: |       o.o o.=o=*|
[   21.226673] cloud-init[976]: |        o+oo*o*=o|
[   21.226713] cloud-init[976]: |        .ooo+X*+.|
[   21.226754] cloud-init[976]: |        S  .o+*+o|
[   21.226795] cloud-init[976]: |             E++ |
[   21.226836] cloud-init[976]: |            .... |
[   21.226880] cloud-init[976]: |           . ..  |
[   21.226953] cloud-init[976]: |            ..   |
[   21.227028] cloud-init[976]: +----[SHA256]-----+
[   21.227075] cloud-init[976]: Generating public/private ed25519 key pair.
[   21.227117] cloud-init[976]: Your identification has been saved in /etc/ssh/ssh_host_ed25519_key.
[   21.227159] cloud-init[976]: Your public key has been saved in /etc/ssh/ssh_host_ed25519_key.pub.
[   21.227201] cloud-init[976]: The key fingerprint is:
[   21.227276] cloud-init[976]: SHA256:nFBEXChvneY2224Av4pDw1QTsrY9fvjmzcbExK8o3H8 root@ubuntu-xenial
[   21.227343] cloud-init[976]: The key's randomart image is:
[   21.227389] cloud-init[976]: +--[ED25519 256]--+
[   21.227430] cloud-init[976]: |      .+=+.      |
[   21.227471] cloud-init[976]: |      .+=        |
[   21.227736] cloud-init[976]: |      ++ o o     |
[   21.227795] cloud-init[976]: |     ..=+.+ o    |
[   21.228081] cloud-init[976]: |     o..S= o .   |
[   21.228126] cloud-init[976]: |      +. o* o .  |
[   21.228169] cloud-init[976]: |     . ooo.X .   |
[   21.228213] cloud-init[976]: |      ..oo*o* E  |
[   21.228257] cloud-init[976]: |      ...=o==.   |
[   21.228326] cloud-init[976]: +----[SHA256]-----+

[[0;32m  OK  [0m] Started Daily apt upgrade and clean activities.
[[0;32m  OK  [0m] Started Daily Cleanup of Temporary Directories.
         Starting Socket activation for snappy daemon.
[[0;32m  OK  [0m] Started ACPI Events Check.
[[0;32m  OK  [0m] Reached target Paths.
[[0;32m  OK  [0m] Started Message of the Day.
[[0;32m  OK  [0m] Reached target Timers.
         Starting LXD - unix socket.
[[0;32m  OK  [0m] Reached target Network is Online.
         Starting iSCSI initiator daemon (iscsid)...
[[0;32m  OK  [0m] Reached target Cloud-config availability.
[[0;32m  OK  [0m] Listening on Socket activation for snappy daemon.
[[0;32m  OK  [0m] Listening on LXD - unix socket.
[[0;32m  OK  [0m] Reached target Sockets.
[[0;32m  OK  [0m] Reached target Basic System.
[[0;32m  OK  [0m] Started Deferred execution scheduler.
[[0;32m  OK  [0m] Started FUSE filesystem for LXC.
         Starting Login Service...
         Starting Snappy daemon...
         Starting LXD - container startup/shutdown...
         Starting Accounts Service...
[[0;32m  OK  [0m] Started Regular background program processing daemon.
[[0;32m  OK  [0m] Started D-Bus System Message Bus.
[[0;32m  OK  [0m] Started ACPI event daemon.
         Starting Pollinate to seed the pseudo random number generator...
         Starting Virtualbox guest utils...
         Starting /etc/rc.local Compatibility...
         Starting LSB: MD monitoring daemon...
         Starting System Logging Service...
         Starting LSB: Record successful boot for GRUB...
[[0;32m  OK  [0m] Started iSCSI initiator daemon (iscsid).
[[0;32m  OK  [0m] Started /etc/rc.local Compatibility.
         Starting Login to default iSCSI targets...
[[0;32m  OK  [0m] Started Login Service.
[[0;32m  OK  [0m] Started Unattended Upgrades Shutdown.
[[0;32m  OK  [0m] Started LSB: MD monitoring daemon.
[[0;32m  OK  [0m] Started Login to default iSCSI targets.
[[0;32m  OK  [0m] Reached target Remote File Systems (Pre).
[[0;32m  OK  [0m] Reached target Remote File Systems.
         Starting LSB: Set the CPU Frequency Scaling governor to "ondemand"...
         Starting LSB: daemon to balance interrupts for SMP systems...
         Starting Permit User Sessions...
         Starting LSB: automatic crash report generation...
[[0;32m  OK  [0m] Started LSB: Set the CPU Frequency Scaling governor to "ondemand".
         Starting Authenticate and Authorize Users to Run Privileged Tasks...
[[0;32m  OK  [0m] Started Permit User Sessions.
[[0;32m  OK  [0m] Started LSB: automatic crash report generation.
         Starting Terminate Plymouth Boot Screen...
         Starting Hold until boot process finishes up...
[[0;32m  OK  [0m] Started Terminate Plymouth Boot Screen.
[[0;32m  OK  [0m] Started Hold until boot process finishes up.
[[0;32m  OK  [0m] Started Serial Getty on ttyS0.
[[0;32m  OK  [0m] Started Getty on tty1.
[[0;32m  OK  [0m] Reached target Login Prompts.
         Starting Set console scheme...
[[0;32m  OK  [0m] Started LSB: Record successful boot for GRUB.
[[0;32m  OK  [0m] Started System Logging Service.
[[0;32m  OK  [0m] Started LSB: daemon to balance interrupts for SMP systems.
[[0;32m  OK  [0m] Started Set console scheme.
[[0;32m  OK  [0m] Started Virtualbox guest utils.
[[0;32m  OK  [0m] Started Authenticate and Authorize Users to Run Privileged Tasks.
[[0;32m  OK  [0m] Started Accounts Service.
[[0;32m  OK  [0m] Started Snappy daemon.
         Starting Wait until snapd is fully seeded...
[[0;32m  OK  [0m] Started LXD - container startup/shutdown.
[[0;32m  OK  [0m] Started Pollinate to seed the pseudo random number generator.
         Starting OpenBSD Secure Shell server...
[[0;32m  OK  [0m] Started OpenBSD Secure Shell server.
[[0;32m  OK  [0m] Started Wait until snapd is fully seeded.
         Starting Apply the settings specified in cloud-config...
[[0;32m  OK  [0m] Reached target Multi-User System.
[[0;32m  OK  [0m] Reached target Graphical Interface.
         Starting Update UTMP about System Runlevel Changes...
[[0;32m  OK  [0m] Started Update UTMP about System Runlevel Changes.
[[0;32m  OK  [0m] Created slice User Slice of vagrant.
         Starting User Manager for UID 1000...
[[0;32m  OK  [0m] Started Session 1 of user vagrant.
[[0;32m  OK  [0m] Started User Manager for UID 1000.
[   28.934709] cloud-init[1348]: Generating locales (this might take a while)...

Ubuntu 16.04.6 LTS ubuntu-xenial ttyS0

ubuntu-xenial login: [   31.366350] cloud-init[1348]:   en_US.UTF-8... done
[   31.367824] cloud-init[1348]: Generation complete.
[   32.619603] cloud-init[1348]: Cloud-init v. 19.2-36-g059d049c-0ubuntu2~16.04.1 running 'modules:config' at Fri, 19 Jun 2020 12:55:00 +0000. Up 28.44 seconds.
ci-info: no authorized ssh keys fingerprints found for user ubuntu.
<14>Jun 19 12:55:05 ec2: 
<14>Jun 19 12:55:05 ec2: #############################################################
<14>Jun 19 12:55:05 ec2: -----BEGIN SSH HOST KEY FINGERPRINTS-----
<14>Jun 19 12:55:05 ec2: 1024 SHA256:dAWuuHEsoC5+9nBSu9IiwS9yD6Yar0aKojcL4qmq8WE root@ubuntu-xenial (DSA)
<14>Jun 19 12:55:05 ec2: 256 SHA256:AbdtTxEWd7bmrtJVaiF2oLDdRzc1NEsot8mXyGPly7A root@ubuntu-xenial (ECDSA)
<14>Jun 19 12:55:05 ec2: 256 SHA256:nFBEXChvneY2224Av4pDw1QTsrY9fvjmzcbExK8o3H8 root@ubuntu-xenial (ED25519)
<14>Jun 19 12:55:05 ec2: 2048 SHA256:VU4ECjGzPd4qfwGCosa1o4FU/Y5CA39eXC8Gwlj9n20 root@ubuntu-xenial (RSA)
<14>Jun 19 12:55:05 ec2: -----END SSH HOST KEY FINGERPRINTS-----
<14>Jun 19 12:55:05 ec2: #############################################################
-----BEGIN SSH HOST KEY KEYS-----
ecdsa-sha2-nistp256 AAAAE2VjZHNhLXNoYTItbmlzdHAyNTYAAAAIbmlzdHAyNTYAAABBBO2HJjIkwSfAEo1j0bm/z9b0nKG0Se32YPyNdqimcfXiWv+Svh/wSTaMh9JF0q2u1c6MO9OlPh+ID9SVwAs0QAA= root@ubuntu-xenial
ssh-ed25519 AAAAC3NzaC1lZDI1NTE5AAAAINMpa57FukTySnv8/p/cPGeoee5jzOCxmTD2bZKavbkp root@ubuntu-xenial
ssh-rsa AAAAB3NzaC1yc2EAAAADAQABAAABAQDrjR5RApUWL5BLVc7uTRc44JolWgCv78t6VwmcsNHi76Kh5cjVzkF4Ik75lk47ALKXLS/++1+d0t91j1JcsWO5D8zWPXxANYh5aXu+yz9GUdE9FYYDuD3kzfkbblFbw/DQsJkXtUUhhKOl9BANoefM74OsI0duUDOBenRf9hiKtwOvnRmNf1vdm22ycP3MYqO7xg/IUZ9iS5n7xcZDMJjhR/29rZ6hDo3xEYsjVl2R6hv8r2H+XrAE7RVsnlWcJIGM9rZ0WDSnWR4kaa/AFiNosMDUbmLqplz8fp4y4eh6gSinqqbR7DY8Y4rdArit+bzGQ5WnaYtcgpaSiBrSiXSx root@ubuntu-xenial
-----END SSH HOST KEY KEYS-----
[   33.541105] cloud-init[1532]: Cloud-init v. 19.2-36-g059d049c-0ubuntu2~16.04.1 running 'modules:final' at Fri, 19 Jun 2020 12:55:05 +0000. Up 33.14 seconds.
[   33.541329] cloud-init[1532]: ci-info: no authorized ssh keys fingerprints found for user ubuntu.
[   33.541466] cloud-init[1532]: Cloud-init v. 19.2-36-g059d049c-0ubuntu2~16.04.1 finished at Fri, 19 Jun 2020 12:55:05 +0000. Datasource DataSourceNoCloud [seed=/dev/sdb][dsmode=net].  Up 33.53 seconds
